<?xml version="1.0" encoding="utf-8"?><testsuites name="pytest tests"><testsuite name="pytest" errors="0" failures="0" skipped="0" tests="230" time="25.143" timestamp="2026-03-23T23:03:40.181175+02:00" hostname="Ubuntu"><testcase classname="chain.tests.test_graph.TestRouteByPhase" name="test_default_routes_to_rag_search" time="0.000" /><testcase classname="chain.tests.test_graph.TestRouteByPhase" name="test_discovery_routes_to_rag_search" time="0.000" /><testcase classname="chain.tests.test_graph.TestRouteByPhase" name="test_confirmation_routes_to_confirmation" time="0.000" /><testcase classname="chain.tests.test_graph.TestRouteByPhase" name="test_qa_routes_to_qa_agent" time="0.000" /><testcase classname="chain.tests.test_graph.TestRouteByPhase" name="test_unknown_phase_falls_back_to_rag_search" time="0.000" /><testcase classname="chain.tests.test_graph.TestRouteByPhase" name="test_none_phase_routes_to_rag_search" time="0.000" /><testcase classname="chain.tests.test_graph.TestRouteAfterConfirmation" name="test_confirmed_routes_to_qa_agent" time="0.000" /><testcase classname="chain.tests.test_graph.TestRouteAfterConfirmation" name="test_refine_routes_to_refinement" time="0.000" /><testcase classname="chain.tests.test_graph.TestRouteAfterConfirmation" name="test_exhausted_routes_to_dead_end" time="0.000" /><testcase classname="chain.tests.test_graph.TestRouteAfterConfirmation" name="test_wait_routes_to_end" time="0.000" /><testcase classname="chain.tests.test_graph.TestRouteAfterConfirmation" name="test_missing_next_action_defaults_to_end" time="0.000" /><testcase classname="chain.tests.test_graph.TestRouteAfterConfirmation" name="test_none_next_action_defaults_to_end" time="0.000" /><testcase classname="chain.tests.test_graph.TestCompileGraph" name="test_returns_compiled_graph" time="0.016" /><testcase classname="chain.tests.test_graph.TestCompileGraph" name="test_compiled_graph_has_invoke" time="0.014" /><testcase classname="chain.tests.test_graph.TestCompileGraph" name="test_custom_checkpointer_accepted" time="0.014" /><testcase classname="chain.tests.test_graph.TestCompileGraph" name="test_graph_nodes_are_registered" time="0.015" /><testcase classname="chain.tests.test_models.TestRagCandidate" name="test_required_title" time="0.000" /><testcase classname="chain.tests.test_models.TestRagCandidate" name="test_defaults" time="0.000" /><testcase classname="chain.tests.test_models.TestRagCandidate" name="test_full_fields" time="0.000" /><testcase classname="chain.tests.test_models.TestRagCandidate" name="test_serialise_round_trip" time="0.000" /><testcase classname="chain.tests.test_models.TestEnrichedMovie" name="test_minimal_required_fields" time="0.000" /><testcase classname="chain.tests.test_models.TestEnrichedMovie" name="test_display_title_prefers_imdb" time="0.000" /><testcase classname="chain.tests.test_models.TestEnrichedMovie" name="test_display_title_falls_back_to_rag" time="0.000" /><testcase classname="chain.tests.test_models.TestEnrichedMovie" name="test_display_year_prefers_imdb" time="0.000" /><testcase classname="chain.tests.test_models.TestEnrichedMovie" name="test_display_year_falls_back_to_rag" time="0.000" /><testcase classname="chain.tests.test_models.TestEnrichedMovie" name="test_display_year_none_when_both_missing" time="0.000" /><testcase classname="chain.tests.test_models.TestEnrichedMovie" name="test_confidence_range" time="0.000" /><testcase classname="chain.tests.test_models.TestEnrichedMovie" name="test_round_trip_serialisation" time="0.000" /><testcase classname="chain.tests.test_models.TestCandidatePool" name="test_default_refinement_count" time="0.000" /><testcase classname="chain.tests.test_models.TestCandidatePool" name="test_with_candidates" time="0.000" /><testcase classname="chain.tests.test_models.TestConfirmedMovie" name="test_required_fields" time="0.000" /><testcase classname="chain.tests.test_models.TestConfirmedMovie" name="test_optional_fields_default_none_or_empty" time="0.000" /><testcase classname="chain.tests.test_models.TestConfirmationClassification" name="test_confirmed_with_index" time="0.000" /><testcase classname="chain.tests.test_models.TestConfirmationClassification" name="test_not_found_no_index" time="0.000" /><testcase classname="chain.tests.test_models.TestConfirmationClassification" name="test_unclear_no_index" time="0.000" /><testcase classname="chain.tests.test_models.TestConfirmationClassification" name="test_reasoning_defaults_empty" time="0.000" /><testcase classname="chain.tests.test_models.TestConfirmationClassification" name="test_with_reasoning" time="0.000" /><testcase classname="chain.tests.test_models.TestRefinementPlan" name="test_required_fields" time="0.000" /><testcase classname="chain.tests.test_models.TestRefinementPlan" name="test_missing_required_field_raises" time="0.000" /><testcase classname="chain.tests.test_nodes.TestRagSearchNode" name="test_extracts_query_from_last_human_message" time="0.004" /><testcase classname="chain.tests.test_nodes.TestRagSearchNode" name="test_prefers_explicit_user_plot_query" time="0.003" /><testcase classname="chain.tests.test_nodes.TestRagSearchNode" name="test_empty_query_returns_empty_candidates" time="0.003" /><testcase classname="chain.tests.test_nodes.TestImdbEnrichmentNode" name="test_returns_enriched_movies_when_match_found" time="0.004" /><testcase classname="chain.tests.test_nodes.TestImdbEnrichmentNode" name="test_returns_empty_when_no_candidates" time="0.002" /><testcase classname="chain.tests.test_nodes.TestImdbEnrichmentNode" name="test_handles_imdb_search_failure_gracefully" time="0.003" /><testcase classname="chain.tests.test_nodes.TestComputeConfidence" name="test_exact_title_and_year_high_confidence" time="0.000" /><testcase classname="chain.tests.test_nodes.TestComputeConfidence" name="test_rag_score_blended_into_confidence" time="0.000" /><testcase classname="chain.tests.test_nodes.TestComputeConfidence" name="test_rag_score_differentiates_equal_imdb_matches" time="0.000" /><testcase classname="chain.tests.test_nodes.TestComputeConfidence" name="test_year_off_by_two_still_reasonable" time="0.000" /><testcase classname="chain.tests.test_nodes.TestComputeConfidence" name="test_completely_different_title_and_year_low_confidence" time="0.000" /><testcase classname="chain.tests.test_nodes.TestComputeConfidence" name="test_no_year_uses_title_only" time="0.000" /><testcase classname="chain.tests.test_nodes.TestValidationNode" name="test_sorts_by_confidence_descending" time="0.002" /><testcase classname="chain.tests.test_nodes.TestValidationNode" name="test_deduplicates_by_imdb_id" time="0.002" /><testcase classname="chain.tests.test_nodes.TestValidationNode" name="test_caps_at_five_results" time="0.002" /><testcase classname="chain.tests.test_nodes.TestValidationNode" name="test_filters_below_confidence_threshold" time="0.002" /><testcase classname="chain.tests.test_nodes.TestValidationNode" name="test_falls_back_to_all_when_none_pass_threshold" time="0.002" /><testcase classname="chain.tests.test_nodes.TestPresentationNode" name="test_returns_ai_message_with_movie_list" time="0.000" /><testcase classname="chain.tests.test_nodes.TestPresentationNode" name="test_sets_phase_to_confirmation" time="0.000" /><testcase classname="chain.tests.test_nodes.TestPresentationNode" name="test_includes_all_candidate_titles" time="0.000" /><testcase classname="chain.tests.test_nodes.TestPresentationNode" name="test_empty_candidates_produces_fallback_message" time="0.000" /><testcase classname="chain.tests.test_nodes.TestPresentationNode" name="test_refinement_attempt_number_shown_in_header" time="0.000" /><testcase classname="chain.tests.test_nodes.TestConfirmationNode" name="test_confirmed_sets_confirmed_movie_fields" time="0.003" /><testcase classname="chain.tests.test_nodes.TestConfirmationNode" name="test_not_found_sets_refine_action" time="0.003" /><testcase classname="chain.tests.test_nodes.TestConfirmationNode" name="test_not_found_exhausted_when_max_refinements_reached" time="0.003" /><testcase classname="chain.tests.test_nodes.TestConfirmationNode" name="test_unclear_response_sets_wait_and_adds_clarification" time="0.003" /><testcase classname="chain.tests.test_nodes.TestConfirmationNode" name="test_llm_failure_falls_back_to_wait" time="0.003" /><testcase classname="chain.tests.test_nodes.TestConfirmationNode" name="test_no_human_message_returns_wait" time="0.002" /><testcase classname="chain.tests.test_nodes.TestRefinementNode" name="test_updates_user_plot_query" time="0.003" /><testcase classname="chain.tests.test_nodes.TestRefinementNode" name="test_increments_refinement_count" time="0.003" /><testcase classname="chain.tests.test_nodes.TestRefinementNode" name="test_adds_ai_message_to_state" time="0.003" /><testcase classname="chain.tests.test_nodes.TestRefinementNode" name="test_llm_failure_uses_original_query" time="0.004" /><testcase classname="chain.tests.test_nodes.TestDeadEndNode" name="test_adds_ai_message" time="0.002" /><testcase classname="chain.tests.test_nodes.TestDeadEndNode" name="test_resets_phase_to_discovery" time="0.002" /><testcase classname="chain.tests.test_nodes.TestDeadEndNode" name="test_message_mentions_database_limitation" time="0.002" /><testcase classname="chain.tests.test_nodes.TestQaAgentNode" name="test_adds_new_messages_to_state" time="0.003" /><testcase classname="chain.tests.test_nodes.TestQaAgentNode" name="test_phase_stays_qa" time="0.004" /><testcase classname="chain.tests.test_nodes.TestBuildSystemPrompt" name="test_includes_imdb_id_in_prompt" time="0.000" /><testcase classname="chain.tests.test_nodes.TestBuildSystemPrompt" name="test_includes_movie_title" time="0.000" /><testcase classname="chain.tests.test_nodes.TestBuildSystemPrompt" name="test_handles_empty_confirmed_dict" time="0.000" /><testcase classname="chain.tests.test_rag_service" name="test_search_returns_rag_candidates" time="0.004" /><testcase classname="chain.tests.test_rag_service" name="test_search_uses_correct_embedding_model" time="0.003" /><testcase classname="chain.tests.test_rag_service" name="test_search_uses_correct_collection" time="0.003" /><testcase classname="chain.tests.test_rag_service" name="test_search_normalises_genre_string" time="0.003" /><testcase classname="chain.tests.test_rag_service" name="test_search_handles_missing_year" time="0.004" /><testcase classname="chain.tests.test_rag_service" name="test_search_empty_results" time="0.003" /><testcase classname="chain.tests.test_rag_service" name="test_to_list[value0-expected0]" time="0.000" /><testcase classname="chain.tests.test_rag_service" name="test_to_list[Action/Drama-expected1]" time="0.000" /><testcase classname="chain.tests.test_rag_service" name="test_to_list[Action, Drama-expected2]" time="0.000" /><testcase classname="chain.tests.test_rag_service" name="test_to_list[Drama-expected3]" time="0.000" /><testcase classname="chain.tests.test_rag_service" name="test_to_list[-expected4]" time="0.000" /><testcase classname="chain.tests.test_rag_service" name="test_to_list[None-expected5]" time="0.000" /><testcase classname="chain.tests.test_rag_service" name="test_to_list[42-expected6]" time="0.000" /><testcase classname="imdbapi.tests.test_client" name="test_async_context_manager" time="0.006" /><testcase classname="imdbapi.tests.test_client" name="test_404_raises_not_found" time="0.006" /><testcase classname="imdbapi.tests.test_client" name="test_400_raises_bad_request" time="0.006" /><testcase classname="imdbapi.tests.test_client" name="test_429_raises_rate_limit" time="0.007" /><testcase classname="imdbapi.tests.test_client" name="test_500_raises_server_error" time="1.007" /><testcase classname="imdbapi.tests.test_client" name="test_timeout_raises_timeout_error" time="1.007" /><testcase classname="imdbapi.tests.test_client" name="test_connect_error_raises_connection_error" time="1.007" /><testcase classname="imdbapi.tests.test_client" name="test_non_json_error_body" time="1.007" /><testcase classname="imdbapi.tests.test_client" name="test_successful_response_returns_dict" time="0.007" /><testcase classname="imdbapi.tests.test_interests" name="test_list_interest_categories" time="0.005" /><testcase classname="imdbapi.tests.test_interests" name="test_list_interest_categories_empty" time="0.005" /><testcase classname="imdbapi.tests.test_interests" name="test_get_interest" time="0.005" /><testcase classname="imdbapi.tests.test_interests" name="test_get_interest_not_found" time="0.005" /><testcase classname="imdbapi.tests.test_names" name="test_get_name" time="0.005" /><testcase classname="imdbapi.tests.test_names" name="test_get_name_not_found" time="0.005" /><testcase classname="imdbapi.tests.test_names" name="test_batch_get_names" time="0.005" /><testcase classname="imdbapi.tests.test_names" name="test_get_name_images" time="0.005" /><testcase classname="imdbapi.tests.test_names" name="test_get_filmography" time="0.009" /><testcase classname="imdbapi.tests.test_names" name="test_get_relationships" time="0.005" /><testcase classname="imdbapi.tests.test_names" name="test_get_trivia" time="0.005" /><testcase classname="imdbapi.tests.test_pagination" name="test_single_page_iteration" time="0.005" /><testcase classname="imdbapi.tests.test_pagination" name="test_multi_page_iteration" time="0.005" /><testcase classname="imdbapi.tests.test_pagination" name="test_episodes_pages" time="0.005" /><testcase classname="imdbapi.tests.test_pagination" name="test_starmeter_pages" time="0.005" /><testcase classname="imdbapi.tests.test_search" name="test_search_titles" time="0.005" /><testcase classname="imdbapi.tests.test_search" name="test_search_titles_empty" time="0.005" /><testcase classname="imdbapi.tests.test_search" name="test_search_titles_with_limit" time="0.005" /><testcase classname="imdbapi.tests.test_search" name="test_starmeter" time="0.009" /><testcase classname="imdbapi.tests.test_search" name="test_starmeter_with_page_token" time="0.005" /><testcase classname="imdbapi.tests.test_titles" name="test_get_title" time="0.005" /><testcase classname="imdbapi.tests.test_titles" name="test_get_title_not_found" time="0.005" /><testcase classname="imdbapi.tests.test_titles" name="test_get_title_validation_error" time="0.005" /><testcase classname="imdbapi.tests.test_titles" name="test_list_titles" time="0.005" /><testcase classname="imdbapi.tests.test_titles" name="test_list_titles_with_pagination" time="0.005" /><testcase classname="imdbapi.tests.test_titles" name="test_batch_get_titles" time="0.005" /><testcase classname="imdbapi.tests.test_titles" name="test_get_credits" time="0.005" /><testcase classname="imdbapi.tests.test_titles" name="test_get_release_dates" time="0.005" /><testcase classname="imdbapi.tests.test_titles" name="test_get_akas" time="0.005" /><testcase classname="imdbapi.tests.test_titles" name="test_get_seasons" time="0.010" /><testcase classname="imdbapi.tests.test_titles" name="test_get_episodes" time="0.005" /><testcase classname="imdbapi.tests.test_titles" name="test_get_images" time="0.005" /><testcase classname="imdbapi.tests.test_titles" name="test_get_videos" time="0.005" /><testcase classname="imdbapi.tests.test_titles" name="test_get_award_nominations" time="0.005" /><testcase classname="imdbapi.tests.test_titles" name="test_get_parents_guide" time="0.005" /><testcase classname="imdbapi.tests.test_titles" name="test_get_certificates" time="0.005" /><testcase classname="imdbapi.tests.test_titles" name="test_get_company_credits" time="0.005" /><testcase classname="imdbapi.tests.test_titles" name="test_get_box_office" time="0.005" /><testcase classname="app.tests.test_auth.TestPasswordHashing" name="test_hash_is_not_plaintext" time="0.229" /><testcase classname="app.tests.test_auth.TestPasswordHashing" name="test_verify_correct_password" time="0.396" /><testcase classname="app.tests.test_auth.TestPasswordHashing" name="test_verify_wrong_password" time="0.399" /><testcase classname="app.tests.test_auth.TestPasswordHashing" name="test_two_hashes_of_same_password_differ" time="0.399" /><testcase classname="app.tests.test_auth.TestJWT" name="test_access_token_round_trip" time="0.004" /><testcase classname="app.tests.test_auth.TestJWT" name="test_refresh_token_round_trip" time="0.002" /><testcase classname="app.tests.test_auth.TestJWT" name="test_invalid_token_raises_401" time="0.002" /><testcase classname="app.tests.test_auth.TestJWT" name="test_tampered_token_raises_401" time="0.002" /><testcase classname="app.tests.test_auth.TestRegister" name="test_successful_registration_returns_201" time="0.218" /><testcase classname="app.tests.test_auth.TestRegister" name="test_successful_registration_returns_token_pair" time="0.204" /><testcase classname="app.tests.test_auth.TestRegister" name="test_duplicate_email_returns_409" time="0.208" /><testcase classname="app.tests.test_auth.TestRegister" name="test_short_password_returns_422" time="0.002" /><testcase classname="app.tests.test_auth.TestRegister" name="test_invalid_email_returns_422" time="0.002" /><testcase classname="app.tests.test_auth.TestRegister" name="test_access_token_is_valid_jwt" time="0.207" /><testcase classname="app.tests.test_auth.TestLogin" name="test_correct_credentials_returns_200" time="0.404" /><testcase classname="app.tests.test_auth.TestLogin" name="test_correct_credentials_returns_token_pair" time="0.414" /><testcase classname="app.tests.test_auth.TestLogin" name="test_wrong_password_returns_401" time="0.406" /><testcase classname="app.tests.test_auth.TestLogin" name="test_unknown_email_returns_401" time="0.003" /><testcase classname="app.tests.test_auth.TestRefresh" name="test_valid_refresh_token_returns_new_pair" time="0.405" /><testcase classname="app.tests.test_auth.TestRefresh" name="test_access_token_rejected_as_refresh" time="0.217" /><testcase classname="app.tests.test_auth.TestRefresh" name="test_invalid_token_rejected" time="0.004" /><testcase classname="app.tests.test_chat.TestChatEndpoint" name="test_returns_200" time="0.214" /><testcase classname="app.tests.test_chat.TestChatEndpoint" name="test_content_type_is_sse" time="0.207" /><testcase classname="app.tests.test_chat.TestChatEndpoint" name="test_done_event_present" time="0.206" /><testcase classname="app.tests.test_chat.TestChatEndpoint" name="test_done_event_contains_required_fields" time="0.208" /><testcase classname="app.tests.test_chat.TestChatEndpoint" name="test_token_events_are_streamed" time="0.211" /><testcase classname="app.tests.test_chat.TestChatEndpoint" name="test_token_events_precede_done_event" time="0.207" /><testcase classname="app.tests.test_chat.TestChatEndpoint" name="test_reply_text_matches_streamed_tokens" time="0.206" /><testcase classname="app.tests.test_chat.TestChatEndpoint" name="test_messages_persisted_to_store" time="0.206" /><testcase classname="app.tests.test_chat.TestChatEndpoint" name="test_session_auto_created_on_first_message" time="0.208" /><testcase classname="app.tests.test_chat.TestChatEndpoint" name="test_unauthenticated_returns_401" time="0.002" /><testcase classname="app.tests.test_chat.TestChatEndpoint" name="test_wrong_session_owner_returns_403" time="0.412" /><testcase classname="app.tests.test_chat.TestChatEndpoint" name="test_confirmation_phase_includes_candidates" time="0.207" /><testcase classname="app.tests.test_chat.TestChatEndpoint" name="test_fallback_reply_from_messages_when_no_tokens" time="0.206" /><testcase classname="app.tests.test_chat.TestChatHistory" name="test_returns_200_for_own_session" time="0.210" /><testcase classname="app.tests.test_chat.TestChatHistory" name="test_history_contains_correct_fields" time="0.211" /><testcase classname="app.tests.test_chat.TestChatHistory" name="test_history_includes_all_turns" time="0.209" /><testcase classname="app.tests.test_chat.TestChatHistory" name="test_history_for_nonexistent_session_returns_404" time="0.205" /><testcase classname="app.tests.test_chat.TestChatHistory" name="test_history_for_other_users_session_returns_404" time="0.413" /><testcase classname="app.tests.test_chat.TestChatHistory" name="test_unauthenticated_returns_401" time="0.002" /><testcase classname="app.tests.test_chat.TestListSessions" name="test_returns_200" time="0.207" /><testcase classname="app.tests.test_chat.TestListSessions" name="test_empty_for_new_user" time="0.207" /><testcase classname="app.tests.test_chat.TestListSessions" name="test_returns_session_after_chat" time="0.208" /><testcase classname="app.tests.test_chat.TestListSessions" name="test_response_shape" time="0.207" /><testcase classname="app.tests.test_chat.TestListSessions" name="test_first_message_matches_user_input" time="0.211" /><testcase classname="app.tests.test_chat.TestListSessions" name="test_ordered_newest_first" time="0.210" /><testcase classname="app.tests.test_chat.TestListSessions" name="test_only_own_sessions_returned" time="0.407" /><testcase classname="app.tests.test_chat.TestListSessions" name="test_unauthenticated_returns_401" time="0.002" /><testcase classname="app.tests.test_chat.TestConfirmedMoviePersistence" name="test_history_includes_confirmed_movie_field" time="0.207" /><testcase classname="app.tests.test_chat.TestConfirmedMoviePersistence" name="test_history_confirmed_movie_null_before_qa" time="0.219" /><testcase classname="app.tests.test_chat.TestConfirmedMoviePersistence" name="test_history_confirmed_movie_populated_after_set" time="0.212" /><testcase classname="app.tests.test_chat.TestConfirmedMoviePersistence" name="test_sessions_confirmed_movie_populated_after_set" time="0.210" /><testcase classname="app.tests.test_chat.TestConfirmedMoviePersistence" name="test_set_confirmed_movie_called_on_qa_phase" time="0.206" /><testcase classname="app.tests.test_chat.TestDeleteSession" name="test_delete_returns_204" time="0.210" /><testcase classname="app.tests.test_chat.TestDeleteSession" name="test_deleted_session_not_in_list" time="0.212" /><testcase classname="app.tests.test_chat.TestDeleteSession" name="test_deleted_session_history_returns_404" time="0.211" /><testcase classname="app.tests.test_chat.TestDeleteSession" name="test_delete_nonexistent_session_returns_404" time="0.207" /><testcase classname="app.tests.test_chat.TestDeleteSession" name="test_delete_other_users_session_returns_404" time="0.411" /><testcase classname="app.tests.test_chat.TestDeleteSession" name="test_unauthenticated_returns_401" time="0.002" /><testcase classname="app.tests.test_health.TestHealth" name="test_returns_200" time="0.002" /><testcase classname="app.tests.test_health.TestHealth" name="test_returns_ok_status" time="0.001" /><testcase classname="app.tests.test_health.TestHealth" name="test_no_auth_required" time="0.001" /><testcase classname="app.tests.test_session_store.TestUsers" name="test_create_user_returns_user_in_db" time="0.001" /><testcase classname="app.tests.test_session_store.TestUsers" name="test_get_user_by_email_found" time="0.001" /><testcase classname="app.tests.test_session_store.TestUsers" name="test_get_user_by_email_not_found" time="0.001" /><testcase classname="app.tests.test_session_store.TestUsers" name="test_get_user_by_id_found" time="0.001" /><testcase classname="app.tests.test_session_store.TestUsers" name="test_get_user_by_id_not_found" time="0.001" /><testcase classname="app.tests.test_session_store.TestUsers" name="test_duplicate_email_raises" time="0.001" /><testcase classname="app.tests.test_session_store.TestSessions" name="test_create_session_returns_discovery_phase" time="0.001" /><testcase classname="app.tests.test_session_store.TestSessions" name="test_get_session_found" time="0.002" /><testcase classname="app.tests.test_session_store.TestSessions" name="test_get_session_not_found" time="0.001" /><testcase classname="app.tests.test_session_store.TestSessions" name="test_update_session_phase" time="0.001" /><testcase classname="app.tests.test_session_store.TestSessions" name="test_get_or_create_creates_new_session" time="0.001" /><testcase classname="app.tests.test_session_store.TestSessions" name="test_get_or_create_returns_existing_session" time="0.001" /><testcase classname="app.tests.test_session_store.TestGetSessions" name="test_returns_empty_for_new_user" time="0.001" /><testcase classname="app.tests.test_session_store.TestGetSessions" name="test_returns_sessions_newest_first" time="0.001" /><testcase classname="app.tests.test_session_store.TestGetSessions" name="test_first_message_is_first_user_message" time="0.001" /><testcase classname="app.tests.test_session_store.TestGetSessions" name="test_first_message_null_when_no_messages" time="0.001" /><testcase classname="app.tests.test_session_store.TestGetSessions" name="test_only_returns_sessions_for_owner" time="0.002" /><testcase classname="app.tests.test_session_store.TestMessages" name="test_append_and_retrieve_messages" time="0.001" /><testcase classname="app.tests.test_session_store.TestMessages" name="test_get_messages_empty_for_new_session" time="0.001" /><testcase classname="app.tests.test_session_store.TestMessages" name="test_messages_ordered_chronologically" time="0.001" /><testcase classname="app.tests.test_session_store.TestConfirmedMovie" name="test_confirmed_movie_null_by_default" time="0.001" /><testcase classname="app.tests.test_session_store.TestConfirmedMovie" name="test_set_confirmed_movie_persists" time="0.001" /><testcase classname="app.tests.test_session_store.TestConfirmedMovie" name="test_confirmed_movie_returned_in_get_sessions" time="0.001" /><testcase classname="app.tests.test_session_store.TestConfirmedMovie" name="test_confirmed_movie_null_in_get_sessions_when_unset" time="0.001" /><testcase classname="app.tests.test_session_store.TestDeleteSession" name="test_delete_removes_session" time="0.001" /><testcase classname="app.tests.test_session_store.TestDeleteSession" name="test_delete_removes_messages" time="0.001" /><testcase classname="app.tests.test_session_store.TestDeleteSession" name="test_delete_removes_from_session_list" time="0.001" /><testcase classname="app.tests.test_session_store.TestDeleteSession" name="test_delete_nonexistent_session_is_noop" time="0.001" /><testcase classname="rag_ingestion.tests.test_rag" name="test_rag" time="8.398" /></testsuite></testsuites>
